// Jest Snapshot v1, https://goo.gl/fbAQLP

exports[`renders a snapshot 1`] = `
<div>
  <section
    className="skylight-wrapper "
  >
    <div
      className="skylight-overlay"
      onClick={[Function]}
      style={
        Object {
          "backgroundColor": "rgba(0,0,0,0.3)",
          "display": "none",
          "height": "100%",
          "left": "0px",
          "position": "fixed",
          "top": "0px",
          "transitionDuration": "200ms",
          "transitionProperty": "all",
          "transitionTimingFunction": "ease",
          "width": "100%",
          "zIndex": "99",
        }
      }
    />
    <div
      className="skylight-dialog"
      style={
        Object {
          "backgroundColor": "#fff",
          "borderRadius": "2px",
          "boxShadow": "0px 0px 4px rgba(0,0,0,.14),0px 4px 8px rgba(0,0,0,.28)",
          "left": "50%",
          "marginLeft": "-25%",
          "marginTop": "-200px",
          "minHeight": "400px",
          "padding": "15px",
          "position": "fixed",
          "top": "50%",
          "transform": "scale(0)",
          "transitionDuration": "200ms",
          "transitionProperty": "transform",
          "transitionTimingFunction": "ease",
          "width": "50%",
          "zIndex": "100",
        }
      }
    >
      <a
        className="skylight-close-button"
        onClick={[Function]}
        role="button"
        style={
          Object {
            "cursor": "pointer",
            "fontSize": "1.8em",
            "position": "absolute",
            "right": "10px",
            "top": "0px",
          }
        }
      >
        Ã—
      </a>
      <h3>
        New car
      </h3>
      <form>
        <div
          className="MuiFormControl-root-229"
        >
          <label
            className="MuiFormLabel-root-240 MuiInputLabel-root-233 MuiInputLabel-formControl-234 MuiInputLabel-animated-237"
            data-shrink={false}
          >
            Brand
          </label>
          <div
            className="MuiInputBase-root-260 MuiInput-root-247 MuiInput-underline-251 MuiInputBase-formControl-261 MuiInput-formControl-248"
            onClick={[Function]}
          >
            <input
              aria-invalid={false}
              className="MuiInputBase-input-270 MuiInput-input-255"
              disabled={false}
              name="brand"
              onBlur={[Function]}
              onChange={[Function]}
              onFocus={[Function]}
              placeholder="Brand"
              required={false}
              type="text"
            />
          </div>
        </div>
        <br />
        <div
          className="MuiFormControl-root-229"
        >
          <label
            className="MuiFormLabel-root-240 MuiInputLabel-root-233 MuiInputLabel-formControl-234 MuiInputLabel-animated-237"
            data-shrink={false}
          >
            Model
          </label>
          <div
            className="MuiInputBase-root-260 MuiInput-root-247 MuiInput-underline-251 MuiInputBase-formControl-261 MuiInput-formControl-248"
            onClick={[Function]}
          >
            <input
              aria-invalid={false}
              className="MuiInputBase-input-270 MuiInput-input-255"
              disabled={false}
              name="model"
              onBlur={[Function]}
              onChange={[Function]}
              onFocus={[Function]}
              placeholder="Model"
              required={false}
              type="text"
            />
          </div>
        </div>
        <br />
        <div
          className="MuiFormControl-root-229"
        >
          <label
            className="MuiFormLabel-root-240 MuiInputLabel-root-233 MuiInputLabel-formControl-234 MuiInputLabel-animated-237"
            data-shrink={false}
          >
            Color
          </label>
          <div
            className="MuiInputBase-root-260 MuiInput-root-247 MuiInput-underline-251 MuiInputBase-formControl-261 MuiInput-formControl-248"
            onClick={[Function]}
          >
            <input
              aria-invalid={false}
              className="MuiInputBase-input-270 MuiInput-input-255"
              disabled={false}
              name="color"
              onBlur={[Function]}
              onChange={[Function]}
              onFocus={[Function]}
              placeholder="Color"
              required={false}
              type="text"
            />
          </div>
        </div>
        <br />
        <div
          className="MuiFormControl-root-229"
        >
          <label
            className="MuiFormLabel-root-240 MuiInputLabel-root-233 MuiInputLabel-formControl-234 MuiInputLabel-animated-237"
            data-shrink={false}
          >
            Year
          </label>
          <div
            className="MuiInputBase-root-260 MuiInput-root-247 MuiInput-underline-251 MuiInputBase-formControl-261 MuiInput-formControl-248"
            onClick={[Function]}
          >
            <input
              aria-invalid={false}
              className="MuiInputBase-input-270 MuiInput-input-255"
              disabled={false}
              name="year"
              onBlur={[Function]}
              onChange={[Function]}
              onFocus={[Function]}
              placeholder="Year"
              required={false}
              type="text"
            />
          </div>
        </div>
        <br />
        <div
          className="MuiFormControl-root-229"
        >
          <label
            className="MuiFormLabel-root-240 MuiInputLabel-root-233 MuiInputLabel-formControl-234 MuiInputLabel-animated-237"
            data-shrink={false}
          >
            Price
          </label>
          <div
            className="MuiInputBase-root-260 MuiInput-root-247 MuiInput-underline-251 MuiInputBase-formControl-261 MuiInput-formControl-248"
            onClick={[Function]}
          >
            <input
              aria-invalid={false}
              className="MuiInputBase-input-270 MuiInput-input-255"
              disabled={false}
              name="price"
              onBlur={[Function]}
              onChange={[Function]}
              onFocus={[Function]}
              placeholder="Price"
              required={false}
              type="text"
            />
          </div>
        </div>
        <br />
        <button
          className="MuiButtonBase-root-303 MuiButton-root-277 MuiButton-text-279 MuiButton-textPrimary-280 MuiButton-outlined-285 MuiButton-outlinedPrimary-286"
          disabled={false}
          onBlur={[Function]}
          onClick={[Function]}
          onFocus={[Function]}
          onKeyDown={[Function]}
          onKeyUp={[Function]}
          onMouseDown={[Function]}
          onMouseLeave={[Function]}
          onMouseUp={[Function]}
          onTouchEnd={[Function]}
          onTouchMove={[Function]}
          onTouchStart={[Function]}
          tabIndex="0"
          type="button"
        >
          <span
            className="MuiButton-label-278"
          >
            Save
          </span>
          <span
            className="MuiTouchRipple-root-306"
          />
        </button>
        <button
          className="MuiButtonBase-root-303 MuiButton-root-277 MuiButton-text-279 MuiButton-textSecondary-281 MuiButton-outlined-285 MuiButton-outlinedSecondary-287"
          disabled={false}
          onBlur={[Function]}
          onClick={[Function]}
          onFocus={[Function]}
          onKeyDown={[Function]}
          onKeyUp={[Function]}
          onMouseDown={[Function]}
          onMouseLeave={[Function]}
          onMouseUp={[Function]}
          onTouchEnd={[Function]}
          onTouchMove={[Function]}
          onTouchStart={[Function]}
          tabIndex="0"
          type="button"
        >
          <span
            className="MuiButton-label-278"
          >
            Cancel
          </span>
          <span
            className="MuiTouchRipple-root-306"
          />
        </button>
      </form>
    </div>
  </section>
  <div>
    <button
      className="MuiButtonBase-root-303 MuiButton-root-277 MuiButton-contained-288 MuiButton-containedPrimary-289 MuiButton-raised-291 MuiButton-raisedPrimary-292"
      disabled={false}
      onBlur={[Function]}
      onClick={[Function]}
      onFocus={[Function]}
      onKeyDown={[Function]}
      onKeyUp={[Function]}
      onMouseDown={[Function]}
      onMouseLeave={[Function]}
      onMouseUp={[Function]}
      onTouchEnd={[Function]}
      onTouchMove={[Function]}
      onTouchStart={[Function]}
      style={
        Object {
          "margin": "10px",
        }
      }
      tabIndex="0"
      type="button"
    >
      <span
        className="MuiButton-label-278"
      >
        New car
      </span>
      <span
        className="MuiTouchRipple-root-306"
      />
    </button>
  </div>
</div>
`;
